// Jest Snapshot v1, https://goo.gl/fbAQLP

exports[`ConvertScreen snapshot of screen to JSON 1`] = `
<RCTSafeAreaView
  style={
    {
      "alignItems": "center",
      "flex": 1,
      "marginHorizontal": 20,
    }
  }
  testID="safeAreaViewTest"
>
  <Text
    style={
      {
        "color": "black",
        "fontSize": 24,
        "fontWeight": "bold",
        "marginTop": 20,
        "paddingHorizontal": 10,
      }
    }
    testID="titleConvertScreenTest"
  >
    Convert
  </Text>
  <View
    style={
      {
        "alignItems": "center",
        "backgroundColor": "lightgray",
        "borderBottomLeftRadius": 8,
        "borderRadius": 8,
        "elevation": 10,
        "flexDirection": "row",
        "height": 115,
        "marginTop": 20,
        "paddingHorizontal": 10,
        "paddingVertical": 10,
        "shadowOffset": {
          "height": 10,
          "width": 0,
        },
        "shadowOpacity": 0.3,
        "shadowRadius": 5,
        "width": 660,
        "zIndex": 1,
      }
    }
    testID="viewTextInputTest"
  >
    <View
      style={
        [
          {
            "width": "100%",
          },
          {
            "zIndex": 5000,
          },
          {
            "width": 280,
          },
        ]
      }
    >
      <View
        accessibilityState={
          {
            "busy": undefined,
            "checked": undefined,
            "disabled": false,
            "expanded": undefined,
            "selected": undefined,
          }
        }
        accessibilityValue={
          {
            "max": undefined,
            "min": undefined,
            "now": undefined,
            "text": undefined,
          }
        }
        accessible={true}
        collapsable={false}
        focusable={true}
        onClick={[Function]}
        onLayout={[Function]}
        onResponderGrant={[Function]}
        onResponderMove={[Function]}
        onResponderRelease={[Function]}
        onResponderTerminate={[Function]}
        onResponderTerminationRequest={[Function]}
        onStartShouldSetResponder={[Function]}
        style={
          {
            "alignItems": "center",
            "backgroundColor": "lightgray",
            "borderColor": "transparent",
            "borderRadius": 8,
            "borderWidth": 1,
            "flexDirection": "row",
            "justifyContent": "space-between",
            "minHeight": 50,
            "opacity": 1,
            "paddingHorizontal": 10,
            "paddingVertical": 3,
            "width": "100%",
            "zIndex": 5000,
          }
        }
        testID="selectPickerUp"
      >
        <Text
          style={
            [
              {
                "color": "#000",
                "flex": 1,
              },
              {
                "color": "black",
              },
              false,
              {},
            ]
          }
        >
          Select
        </Text>
        <View
          style={
            [
              {
                "marginLeft": 10,
              },
              {},
            ]
          }
        >
          <Image
            source={
              {
                "testUri": "../../react-native-dropdown-picker/src/themes/light/icons/arrow-down.png",
              }
            }
            style={
              [
                {
                  "height": 20,
                  "width": 20,
                },
                {},
              ]
            }
          />
        </View>
      </View>
      <Modal
        animationType="slide"
        hardwareAccelerated={false}
        onRequestClose={[Function]}
        presentationStyle="fullScreen"
        visible={false}
      />
    </View>
    <TextInput
      editable={true}
      keyboardType="decimal-pad"
      onChangeText={[Function]}
      placeholder="0.00"
      placeholderTextColor="black"
      returnKeyType="done"
      style={
        {
          "color": "black",
          "flex": 1,
          "fontSize": 18,
          "paddingHorizontal": 10,
          "paddingVertical": 5,
        }
      }
      value=""
    />
  </View>
  <View
    style={
      {
        "marginBottom": 40,
        "marginLeft": undefined,
        "marginRight": undefined,
        "marginTop": undefined,
      }
    }
  />
  <View
    accessibilityState={
      {
        "busy": undefined,
        "checked": undefined,
        "disabled": undefined,
        "expanded": undefined,
        "selected": undefined,
      }
    }
    accessibilityValue={
      {
        "max": undefined,
        "min": undefined,
        "now": undefined,
        "text": undefined,
      }
    }
    accessible={true}
    collapsable={false}
    focusable={true}
    onClick={[Function]}
    onResponderGrant={[Function]}
    onResponderMove={[Function]}
    onResponderRelease={[Function]}
    onResponderTerminate={[Function]}
    onResponderTerminationRequest={[Function]}
    onStartShouldSetResponder={[Function]}
    style={
      {
        "opacity": 1,
      }
    }
  >
    <svg
      data-file-name="SvgChange"
      fill="black"
    />
  </View>
  <View
    style={
      {
        "marginBottom": 20,
        "marginLeft": undefined,
        "marginRight": undefined,
        "marginTop": undefined,
      }
    }
  />
  <View
    style={
      {
        "alignItems": "center",
        "backgroundColor": "lightgray",
        "borderBottomLeftRadius": 8,
        "borderRadius": 8,
        "elevation": 10,
        "flexDirection": "row",
        "height": 115,
        "marginTop": 20,
        "paddingHorizontal": 10,
        "paddingVertical": 10,
        "shadowOffset": {
          "height": 10,
          "width": 0,
        },
        "shadowOpacity": 0.3,
        "shadowRadius": 5,
        "width": 660,
      }
    }
    testID="viewTextInput2Test"
  >
    <View
      style={
        [
          {
            "width": "100%",
          },
          {
            "zIndex": 5000,
          },
          {
            "width": 280,
          },
        ]
      }
    >
      <View
        accessibilityState={
          {
            "busy": undefined,
            "checked": undefined,
            "disabled": false,
            "expanded": undefined,
            "selected": undefined,
          }
        }
        accessibilityValue={
          {
            "max": undefined,
            "min": undefined,
            "now": undefined,
            "text": undefined,
          }
        }
        accessible={true}
        collapsable={false}
        focusable={true}
        onClick={[Function]}
        onLayout={[Function]}
        onResponderGrant={[Function]}
        onResponderMove={[Function]}
        onResponderRelease={[Function]}
        onResponderTerminate={[Function]}
        onResponderTerminationRequest={[Function]}
        onStartShouldSetResponder={[Function]}
        style={
          {
            "alignItems": "center",
            "backgroundColor": "lightgray",
            "borderColor": "transparent",
            "borderRadius": 8,
            "borderWidth": 1,
            "flexDirection": "row",
            "justifyContent": "space-between",
            "minHeight": 50,
            "opacity": 1,
            "paddingHorizontal": 10,
            "paddingVertical": 3,
            "width": "100%",
            "zIndex": 5000,
          }
        }
        testID="selectPickerDown"
      >
        <View
          style={
            [
              {
                "marginRight": 10,
              },
              {},
            ]
          }
        >
          <Image
            source={
              {
                "uri": "https://coinicons-api.vercel.app/api/icon/usd",
              }
            }
            style={
              {
                "height": 40,
                "width": 40,
              }
            }
          />
        </View>
        <Text
          style={
            [
              {
                "color": "#000",
                "flex": 1,
              },
              {
                "color": "black",
              },
              {},
              false,
            ]
          }
        >
          USD
        </Text>
        <View
          style={
            [
              {
                "marginLeft": 10,
              },
              {},
            ]
          }
        >
          <Image
            source={
              {
                "testUri": "../../react-native-dropdown-picker/src/themes/light/icons/arrow-down.png",
              }
            }
            style={
              [
                {
                  "height": 20,
                  "width": 20,
                },
                {},
              ]
            }
          />
        </View>
      </View>
      <Modal
        animationType="slide"
        hardwareAccelerated={false}
        onRequestClose={[Function]}
        presentationStyle="fullScreen"
        visible={false}
      />
    </View>
    <TextInput
      editable={false}
      keyboardType="decimal-pad"
      onChangeText={[Function]}
      placeholder="0.00"
      placeholderTextColor="black"
      returnKeyType="done"
      style={
        {
          "color": "black",
          "flex": 1,
          "fontSize": 18,
          "paddingHorizontal": 10,
          "paddingVertical": 5,
        }
      }
      value="0.00"
    />
  </View>
</RCTSafeAreaView>
`;
